// Vitest Snapshot v1, https://vitest.dev/guide/snapshot.html

exports[`matches snapshot of the Books page 1`] = `
{
  "asFragment": [Function],
  "baseElement": <body>
    <div>
      <div
        class="books"
        title="books"
      >
        <div
          class="container"
        >
          <span
            class="breadcrumbs"
          >
            Story - all
          </span>
          <h1
            data-testid="h1"
          >
            all
          </h1>
          <p>
            Explore the world of fights and dramas with story's rich library
          </p>
          <div
            class="menu"
          >
            <div
              class="left"
            >
              <span>
                Price
              </span>
              <input
                data-testid="min"
                placeholder="min"
                type="text"
              />
              <input
                data-testid="max"
                placeholder="max"
                type="text"
              />
              <button>
                Apply
              </button>
            </div>
            <div
              class="right"
            >
              <span
                class="sortBy"
              >
                Sortby
              </span>
              <span
                class="sortType"
              >
                Best Selling
              </span>
              <svg
                class="down"
                fill="currentColor"
                height="1em"
                stroke="currentColor"
                stroke-width="0"
                viewBox="0 0 16 16"
                width="1em"
                xmlns="http://www.w3.org/2000/svg"
              >
                <path
                  d="M1.646 4.646a.5.5 0 0 1 .708 0L8 10.293l5.646-5.647a.5.5 0 0 1 .708.708l-6 6a.5.5 0 0 1-.708 0l-6-6a.5.5 0 0 1 0-.708z"
                  fill-rule="evenodd"
                />
              </svg>
            </div>
          </div>
          <div
            class="cards"
            data-testid="book-card"
          >
            Loading..
          </div>
        </div>
      </div>
    </div>
  </body>,
  "container": <div>
    <div
      class="books"
      title="books"
    >
      <div
        class="container"
      >
        <span
          class="breadcrumbs"
        >
          Story - all
        </span>
        <h1
          data-testid="h1"
        >
          all
        </h1>
        <p>
          Explore the world of fights and dramas with story's rich library
        </p>
        <div
          class="menu"
        >
          <div
            class="left"
          >
            <span>
              Price
            </span>
            <input
              data-testid="min"
              placeholder="min"
              type="text"
            />
            <input
              data-testid="max"
              placeholder="max"
              type="text"
            />
            <button>
              Apply
            </button>
          </div>
          <div
            class="right"
          >
            <span
              class="sortBy"
            >
              Sortby
            </span>
            <span
              class="sortType"
            >
              Best Selling
            </span>
            <svg
              class="down"
              fill="currentColor"
              height="1em"
              stroke="currentColor"
              stroke-width="0"
              viewBox="0 0 16 16"
              width="1em"
              xmlns="http://www.w3.org/2000/svg"
            >
              <path
                d="M1.646 4.646a.5.5 0 0 1 .708 0L8 10.293l5.646-5.647a.5.5 0 0 1 .708.708l-6 6a.5.5 0 0 1-.708 0l-6-6a.5.5 0 0 1 0-.708z"
                fill-rule="evenodd"
              />
            </svg>
          </div>
        </div>
        <div
          class="cards"
          data-testid="book-card"
        >
          Loading..
        </div>
      </div>
    </div>
  </div>,
  "debug": [Function],
  "findAllByAltText": [Function],
  "findAllByDisplayValue": [Function],
  "findAllByLabelText": [Function],
  "findAllByPlaceholderText": [Function],
  "findAllByRole": [Function],
  "findAllByTestId": [Function],
  "findAllByText": [Function],
  "findAllByTitle": [Function],
  "findByAltText": [Function],
  "findByDisplayValue": [Function],
  "findByLabelText": [Function],
  "findByPlaceholderText": [Function],
  "findByRole": [Function],
  "findByTestId": [Function],
  "findByText": [Function],
  "findByTitle": [Function],
  "getAllByAltText": [Function],
  "getAllByDisplayValue": [Function],
  "getAllByLabelText": [Function],
  "getAllByPlaceholderText": [Function],
  "getAllByRole": [Function],
  "getAllByTestId": [Function],
  "getAllByText": [Function],
  "getAllByTitle": [Function],
  "getByAltText": [Function],
  "getByDisplayValue": [Function],
  "getByLabelText": [Function],
  "getByPlaceholderText": [Function],
  "getByRole": [Function],
  "getByTestId": [Function],
  "getByText": [Function],
  "getByTitle": [Function],
  "queryAllByAltText": [Function],
  "queryAllByDisplayValue": [Function],
  "queryAllByLabelText": [Function],
  "queryAllByPlaceholderText": [Function],
  "queryAllByRole": [Function],
  "queryAllByTestId": [Function],
  "queryAllByText": [Function],
  "queryAllByTitle": [Function],
  "queryByAltText": [Function],
  "queryByDisplayValue": [Function],
  "queryByLabelText": [Function],
  "queryByPlaceholderText": [Function],
  "queryByRole": [Function],
  "queryByTestId": [Function],
  "queryByText": [Function],
  "queryByTitle": [Function],
  "rerender": [Function],
  "unmount": [Function],
}
`;

exports[`should have img tag 1`] = `
{
  "asFragment": [Function],
  "baseElement": <body>
    <div>
      <div
        class="books"
        title="books"
      >
        <div
          class="container"
        >
          <span
            class="breadcrumbs"
          >
            Story - all
          </span>
          <h1
            data-testid="h1"
          >
            all
          </h1>
          <p>
            Explore the world of fights and dramas with story's rich library
          </p>
          <div
            class="menu"
          >
            <div
              class="left"
            >
              <span>
                Price
              </span>
              <input
                data-testid="min"
                placeholder="min"
                type="text"
              />
              <input
                data-testid="max"
                placeholder="max"
                type="text"
              />
              <button>
                Apply
              </button>
            </div>
            <div
              class="right"
            >
              <span
                class="sortBy"
              >
                Sortby
              </span>
              <span
                class="sortType"
              >
                Best Selling
              </span>
              <svg
                class="down"
                fill="currentColor"
                height="1em"
                stroke="currentColor"
                stroke-width="0"
                viewBox="0 0 16 16"
                width="1em"
                xmlns="http://www.w3.org/2000/svg"
              >
                <path
                  d="M1.646 4.646a.5.5 0 0 1 .708 0L8 10.293l5.646-5.647a.5.5 0 0 1 .708.708l-6 6a.5.5 0 0 1-.708 0l-6-6a.5.5 0 0 1 0-.708z"
                  fill-rule="evenodd"
                />
              </svg>
            </div>
          </div>
          <div
            class="cards"
            data-testid="book-card"
          >
            Loading..
          </div>
        </div>
      </div>
    </div>
  </body>,
  "container": <div>
    <div
      class="books"
      title="books"
    >
      <div
        class="container"
      >
        <span
          class="breadcrumbs"
        >
          Story - all
        </span>
        <h1
          data-testid="h1"
        >
          all
        </h1>
        <p>
          Explore the world of fights and dramas with story's rich library
        </p>
        <div
          class="menu"
        >
          <div
            class="left"
          >
            <span>
              Price
            </span>
            <input
              data-testid="min"
              placeholder="min"
              type="text"
            />
            <input
              data-testid="max"
              placeholder="max"
              type="text"
            />
            <button>
              Apply
            </button>
          </div>
          <div
            class="right"
          >
            <span
              class="sortBy"
            >
              Sortby
            </span>
            <span
              class="sortType"
            >
              Best Selling
            </span>
            <svg
              class="down"
              fill="currentColor"
              height="1em"
              stroke="currentColor"
              stroke-width="0"
              viewBox="0 0 16 16"
              width="1em"
              xmlns="http://www.w3.org/2000/svg"
            >
              <path
                d="M1.646 4.646a.5.5 0 0 1 .708 0L8 10.293l5.646-5.647a.5.5 0 0 1 .708.708l-6 6a.5.5 0 0 1-.708 0l-6-6a.5.5 0 0 1 0-.708z"
                fill-rule="evenodd"
              />
            </svg>
          </div>
        </div>
        <div
          class="cards"
          data-testid="book-card"
        >
          Loading..
        </div>
      </div>
    </div>
  </div>,
  "debug": [Function],
  "findAllByAltText": [Function],
  "findAllByDisplayValue": [Function],
  "findAllByLabelText": [Function],
  "findAllByPlaceholderText": [Function],
  "findAllByRole": [Function],
  "findAllByTestId": [Function],
  "findAllByText": [Function],
  "findAllByTitle": [Function],
  "findByAltText": [Function],
  "findByDisplayValue": [Function],
  "findByLabelText": [Function],
  "findByPlaceholderText": [Function],
  "findByRole": [Function],
  "findByTestId": [Function],
  "findByText": [Function],
  "findByTitle": [Function],
  "getAllByAltText": [Function],
  "getAllByDisplayValue": [Function],
  "getAllByLabelText": [Function],
  "getAllByPlaceholderText": [Function],
  "getAllByRole": [Function],
  "getAllByTestId": [Function],
  "getAllByText": [Function],
  "getAllByTitle": [Function],
  "getByAltText": [Function],
  "getByDisplayValue": [Function],
  "getByLabelText": [Function],
  "getByPlaceholderText": [Function],
  "getByRole": [Function],
  "getByTestId": [Function],
  "getByText": [Function],
  "getByTitle": [Function],
  "queryAllByAltText": [Function],
  "queryAllByDisplayValue": [Function],
  "queryAllByLabelText": [Function],
  "queryAllByPlaceholderText": [Function],
  "queryAllByRole": [Function],
  "queryAllByTestId": [Function],
  "queryAllByText": [Function],
  "queryAllByTitle": [Function],
  "queryByAltText": [Function],
  "queryByDisplayValue": [Function],
  "queryByLabelText": [Function],
  "queryByPlaceholderText": [Function],
  "queryByRole": [Function],
  "queryByTestId": [Function],
  "queryByText": [Function],
  "queryByTitle": [Function],
  "rerender": [Function],
  "unmount": [Function],
}
`;
